=== B PUB (tail) ===
[INFO] [1790012570.307458472] [lidar_pub]: PUB /day08/lidar | warmup=1.0s period=1.5s count=4
[INFO] [1790012571.298325469] [lidar_pub]: PUB lidar_scan=1 sent=1/4
[INFO] [1790012572.847667832] [lidar_pub]: PUB lidar_scan=2 sent=2/4
[INFO] [1790012574.348292406] [lidar_pub]: PUB lidar_scan=3 sent=3/4
[INFO] [1790012575.897988056] [lidar_pub]: PUB lidar_scan=4 sent=4/4
[INFO] [1790012575.898594777] [lidar_pub]: PUB complete - exiting

=== B ROBOT ===
[INFO] [1790012578.730966150] [busy_robot]: ==== SUMMARY ====
==== SUMMARY ====
[INFO] [1790012578.731651097] [busy_robot]: CONFIG executor=multi threads=4 group_mode=shared_mutex
CONFIG executor=multi threads=4 group_mode=shared_mutex
[INFO] [1790012578.732131533] [busy_robot]: LIDAR blocks=4 duration=avg_ms=500.5
LIDAR blocks=4 duration=avg_ms=500.5
[INFO] [1790012578.732601403] [busy_robot]: IMU n=601 median_gap_ms=10.0 max_gap_ms=514.7 missed_gt_2x=4 during_lidar=0
IMU n=601 median_gap_ms=10.0 max_gap_ms=514.7 missed_gt_2x=4 during_lidar=0
[INFO] [1790012578.733031752] [busy_robot]: CONTROL n=302 median_gap_ms=20.0 max_gap_ms=524.6 missed_gt_2x=4 during_lidar=0
CONTROL n=302 median_gap_ms=20.0 max_gap_ms=524.6 missed_gt_2x=4 during_lidar=0
[INFO] [1790012578.733472226] [busy_robot]: CONCURRENCY max_active_callbacks=1
CONCURRENCY max_active_callbacks=1
[INFO] [1790012578.734022299] [busy_robot]: ==== END SUMMARY ====

--- LIDAR events ---
[INFO] [1790012571.299962995] [busy_robot]: LIDAR START scan=1 block=1 sleep_ms=500
[INFO] [1790012571.802344721] [busy_robot]: LIDAR END   scan=1 block=1 duration_ms=500.8
[INFO] [1790012572.848003640] [busy_robot]: LIDAR START scan=2 block=2 sleep_ms=500
[INFO] [1790012573.348647342] [busy_robot]: LIDAR END   scan=2 block=2 duration_ms=500.2
[INFO] [1790012574.350890305] [busy_robot]: LIDAR START scan=3 block=3 sleep_ms=500
[INFO] [1790012574.853283381] [busy_robot]: LIDAR END   scan=3 block=3 duration_ms=500.4
[INFO] [1790012575.899477826] [busy_robot]: LIDAR START scan=4 block=4 sleep_ms=500
[INFO] [1790012576.401798497] [busy_robot]: LIDAR END   scan=4 block=4 duration_ms=500.6
