=== B ===
ROS_DOMAIN_ID=141
world=/usr/share/gz/gz-sim8/worlds/diff_drive.sdf
Gazebo Harmonic server only. Bridge NOT started.

--- ros2 topic info (ROS side) ---
Type: geometry_msgs/msg/Twist

Publisher count: 1

Node name: key_twist
Node namespace: /
Topic type: geometry_msgs/msg/Twist
Endpoint type: PUBLISHER
GID: 01.0f.77.60.89.2d.20.40.00.00.00.00.00.00.11.03.00.00.00.00.00.00.00.00
QoS profile:
  Reliability: RELIABLE
  History (Depth): UNKNOWN
  Durability: VOLATILE
  Lifespan: Infinite
  Deadline: Infinite
  Liveliness: AUTOMATIC
  Liveliness lease duration: Infinite

Subscription count: 0


--- gz topic info (Gazebo Transport side) ---
Couldn't find a preferred IP via the getifaddrs() call; I'm assuming that your IP address is 127.0.0.1.  This should work for local processes, but will almost certainly not work if you have remote processes.Report to the disc-zmq development team to seek a fix.
Couldn't find a preferred IP via the getifaddrs() call; I'm assuming that your IP address is 127.0.0.1.  This should work for local processes, but will almost certainly not work if you have remote processes.Report to the disc-zmq development team to seek a fix.
Couldn't find a preferred IP via the getifaddrs() call; I'm assuming that your IP address is 127.0.0.1.  This should work for local processes, but will almost certainly not work if you have remote processes.Report to the disc-zmq development team to seek a fix.
Couldn't find a preferred IP via the getifaddrs() call; I'm assuming that your IP address is 127.0.0.1.  This should work for local processes, but will almost certainly not work if you have remote processes.Report to the disc-zmq development team to seek a fix.
No publishers on topic [/model/vehicle_blue/cmd_vel]
Subscribers [Address, Message Type]:
  tcp://127.0.0.1:36075, gz.msgs.Twist

Expect: a ROS publisher exists, and no ROS-side bridge publisher on gz yet.
